Already up to date
Done in 446ms using pnpm v11.20.0
$ next start
▲ Next.js 16.2.9
- Local:         http://localhost:3000
- Network:       http://88.198.122.34:3000
✓ Ready in 153ms
[instrumentation] Database initialized
[crawler] Request 1 error: SyntaxError: Unexpected token '数', "数据库连接失败，请检"... is not valid JSON
    at JSON.parse (<anonymous>)
    at async b (.next/server/chunks/[root-of-the-server]__1dbsocr._.js:1:5062)
    at async E (.next/server/chunks/[root-of-the-server]__1dbsocr._.js:1:7384)
[crawler] Request 2 error: SyntaxError: Unexpected token '数', "数据库连接失败，请检"... is not valid JSON
    at JSON.parse (<anonymous>)
    at async b (.next/server/chunks/[root-of-the-server]__1dbsocr._.js:1:5062)
    at async E (.next/server/chunks/[root-of-the-server]__1dbsocr._.js:1:7384)
[crawler] Request 3 error: SyntaxError: Unexpected token '数', "数据库连接失败，请检"... is not valid JSON
    at JSON.parse (<anonymous>)
    at async b (.next/server/chunks/[root-of-the-server]__1dbsocr._.js:1:5062)
    at async E (.next/server/chunks/[root-of-the-server]__1dbsocr._.js:1:7384)
[crawler] Request 4 error: SyntaxError: Unexpected token '数', "数据库连接失败，请检"... is not valid JSON
    at JSON.parse (<anonymous>)
    at async b (.next/server/chunks/[root-of-the-server]__1dbsocr._.js:1:5062)
    at async E (.next/server/chunks/[root-of-the-server]__1dbsocr._.js:1:7384)
[crawler] Request 5 error: SyntaxError: Unexpected token '数', "数据库连接失败，请检"... is not valid JSON
    at JSON.parse (<anonymous>)
    at async b (.next/server/chunks/[root-of-the-server]__1dbsocr._.js:1:5062)
    at async E (.next/server/chunks/[root-of-the-server]__1dbsocr._.js:1:7384)
[crawler] Request 6 error: SyntaxError: Unexpected token '数', "数据库连接失败，请检"... is not valid JSON
    at JSON.parse (<anonymous>)
    at async b (.next/server/chunks/[root-of-the-server]__1dbsocr._.js:1:5062)
    at async E (.next/server/chunks/[root-of-the-server]__1dbsocr._.js:1:7384)
[crawler] Request 7 error: SyntaxError: Unexpected token '数', "数据库连接失败，请检"... is not valid JSON
    at JSON.parse (<anonymous>)
    at async b (.next/server/chunks/[root-of-the-server]__1dbsocr._.js:1:5062)
    at async E (.next/server/chunks/[root-of-the-server]__1dbsocr._.js:1:7384)
[crawler] Request 8 error: SyntaxError: Unexpected token '数', "数据库连接失败，请检"... is not valid JSON
    at JSON.parse (<anonymous>)
    at async b (.next/server/chunks/[root-of-the-server]__1dbsocr._.js:1:5062)
    at async E (.next/server/chunks/[root-of-the-server]__1dbsocr._.js:1:7384)
[crawler] Request 9 error: SyntaxError: Unexpected token '数', "数据库连接失败，请检"... is not valid JSON
    at JSON.parse (<anonymous>)
    at async b (.next/server/chunks/[root-of-the-server]__1dbsocr._.js:1:5062)
    at async E (.next/server/chunks/[root-of-the-server]__1dbsocr._.js:1:7384)
[crawler] Request 10 error: SyntaxError: Unexpected token '数', "数据库连接失败，请检"... is not valid JSON
    at JSON.parse (<anonymous>)
    at async b (.next/server/chunks/[root-of-the-server]__1dbsocr._.js:1:5062)
    at async E (.next/server/chunks/[root-of-the-server]__1dbsocr._.js:1:7384)
[crawler] Request 11 error: SyntaxError: Unexpected token '数', "数据库连接失败，请检"... is not valid JSON
    at JSON.parse (<anonymous>)
    at async b (.next/server/chunks/[root-of-the-server]__1dbsocr._.js:1:5062)
    at async E (.next/server/chunks/[root-of-the-server]__1dbsocr._.js:1:7384)
[crawler] Request 12 error: SyntaxError: Unexpected token '数', "数据库连接失败，请检"... is not valid JSON
    at JSON.parse (<anonymous>)
    at async b (.next/server/chunks/[root-of-the-server]__1dbsocr._.js:1:5062)
    at async E (.next/server/chunks/[root-of-the-server]__1dbsocr._.js:1:7384)
[crawler] Request 13 error: SyntaxError: Unexpected token '数', "数据库连接失败，请检"... is not valid JSON
    at JSON.parse (<anonymous>)
    at async b (.next/server/chunks/[root-of-the-server]__1dbsocr._.js:1:5062)
    at async E (.next/server/chunks/[root-of-the-server]__1dbsocr._.js:1:7384)
[crawler] Request 14 error: SyntaxError: Unexpected token '数', "数据库连接失败，请检"... is not valid JSON
    at JSON.parse (<anonymous>)
    at async b (.next/server/chunks/[root-of-the-server]__1dbsocr._.js:1:5062)
    at async E (.next/server/chunks/[root-of-the-server]__1dbsocr._.js:1:7384)
[crawler] Request 15 error: SyntaxError: Unexpected token '数', "数据库连接失败，请检"... is not valid JSON
    at JSON.parse (<anonymous>)
    at async b (.next/server/chunks/[root-of-the-server]__1dbsocr._.js:1:5062)
    at async E (.next/server/chunks/[root-of-the-server]__1dbsocr._.js:1:7384)
[crawler] Request 16 error: SyntaxError: Unexpected token '数', "数据库连接失败，请检"... is not valid JSON
    at JSON.parse (<anonymous>)
    at async b (.next/server/chunks/[root-of-the-server]__1dbsocr._.js:1:5062)
    at async E (.next/server/chunks/[root-of-the-server]__1dbsocr._.js:1:7384)
[crawler] Request 17 error: SyntaxError: Unexpected token '数', "数据库连接失败，请检"... is not valid JSON
    at JSON.parse (<anonymous>)
    at async b (.next/server/chunks/[root-of-the-server]__1dbsocr._.js:1:5062)
    at async E (.next/server/chunks/[root-of-the-server]__1dbsocr._.js:1:7384)
[crawler] Request 18 error: SyntaxError: Unexpected token '数', "数据库连接失败，请检"... is not valid JSON
    at JSON.parse (<anonymous>)
    at async b (.next/server/chunks/[root-of-the-server]__1dbsocr._.js:1:5062)
    at async E (.next/server/chunks/[root-of-the-server]__1dbsocr._.js:1:7384)
[crawler] Request 19 error: SyntaxError: Unexpected token '数', "数据库连接失败，请检"... is not valid JSON
    at JSON.parse (<anonymous>)
    at async b (.next/server/chunks/[root-of-the-server]__1dbsocr._.js:1:5062)
    at async E (.next/server/chunks/[root-of-the-server]__1dbsocr._.js:1:7384)
[crawler] Request 20 error: SyntaxError: Unexpected token '数', "数据库连接失败，请检"... is not valid JSON
    at JSON.parse (<anonymous>)
    at async b (.next/server/chunks/[root-of-the-server]__1dbsocr._.js:1:5062)
    at async E (.next/server/chunks/[root-of-the-server]__1dbsocr._.js:1:7384)
[crawler] Request 21 error: SyntaxError: Unexpected token '数', "数据库连接失败，请检"... is not valid JSON
    at JSON.parse (<anonymous>)
    at async b (.next/server/chunks/[root-of-the-server]__1dbsocr._.js:1:5062)
    at async E (.next/server/chunks/[root-of-the-server]__1dbsocr._.js:1:7384)
[crawler] Request 22 error: SyntaxError: Unexpected token '数', "数据库连接失败，请检"... is not valid JSON
    at JSON.parse (<anonymous>)
    at async b (.next/server/chunks/[root-of-the-server]__1dbsocr._.js:1:5062)
    at async E (.next/server/chunks/[root-of-the-server]__1dbsocr._.js:1:7384)
[crawler] Request 23 error: SyntaxError: Unexpected token '数', "数据库连接失败，请检"... is not valid JSON
    at JSON.parse (<anonymous>)
    at async b (.next/server/chunks/[root-of-the-server]__1dbsocr._.js:1:5062)
    at async E (.next/server/chunks/[root-of-the-server]__1dbsocr._.js:1:7384)
[crawler] Request 24 error: SyntaxError: Unexpected token '数', "数据库连接失败，请检"... is not valid JSON
    at JSON.parse (<anonymous>)
    at async b (.next/server/chunks/[root-of-the-server]__1dbsocr._.js:1:5062)
    at async E (.next/server/chunks/[root-of-the-server]__1dbsocr._.js:1:7384)
[crawler] Request 25 error: SyntaxError: Unexpected token '数', "数据库连接失败，请检"... is not valid JSON
    at JSON.parse (<anonymous>)
    at async b (.next/server/chunks/[root-of-the-server]__1dbsocr._.js:1:5062)
    at async E (.next/server/chunks/[root-of-the-server]__1dbsocr._.js:1:7384)
[crawler] Request 26 error: SyntaxError: Unexpected token '数', "数据库连接失败，请检"... is not valid JSON
    at JSON.parse (<anonymous>)
    at async b (.next/server/chunks/[root-of-the-server]__1dbsocr._.js:1:5062)
    at async E (.next/server/chunks/[root-of-the-server]__1dbsocr._.js:1:7384)
[crawler] Request 27 error: SyntaxError: Unexpected token '数', "数据库连接失败，请检"... is not valid JSON
    at JSON.parse (<anonymous>)
    at async b (.next/server/chunks/[root-of-the-server]__1dbsocr._.js:1:5062)
    at async E (.next/server/chunks/[root-of-the-server]__1dbsocr._.js:1:7384)
[crawler] Request 28 error: SyntaxError: Unexpected token '数', "数据库连接失败，请检"... is not valid JSON
    at JSON.parse (<anonymous>)
    at async b (.next/server/chunks/[root-of-the-server]__1dbsocr._.js:1:5062)
    at async E (.next/server/chunks/[root-of-the-server]__1dbsocr._.js:1:7384)
[crawler] Request 29 error: SyntaxError: Unexpected token '数', "数据库连接失败，请检"... is not valid JSON
    at JSON.parse (<anonymous>)
    at async b (.next/server/chunks/[root-of-the-server]__1dbsocr._.js:1:5062)
    at async E (.next/server/chunks/[root-of-the-server]__1dbsocr._.js:1:7384)
[crawler] Request 30 error: SyntaxError: Unexpected token '数', "数据库连接失败，请检"... is not valid JSON
    at JSON.parse (<anonymous>)
    at async b (.next/server/chunks/[root-of-the-server]__1dbsocr._.js:1:5062)
    at async E (.next/server/chunks/[root-of-the-server]__1dbsocr._.js:1:7384)
[crawler] Request 31 error: SyntaxError: Unexpected token '数', "数据库连接失败，请检"... is not valid JSON
    at JSON.parse (<anonymous>)
    at async b (.next/server/chunks/[root-of-the-server]__1dbsocr._.js:1:5062)
    at async E (.next/server/chunks/[root-of-the-server]__1dbsocr._.js:1:7384)
[crawler] Request 32 error: SyntaxError: Unexpected token '数', "数据库连接失败，请检"... is not valid JSON
    at JSON.parse (<anonymous>)
    at async b (.next/server/chunks/[root-of-the-server]__1dbsocr._.js:1:5062)
    at async E (.next/server/chunks/[root-of-the-server]__1dbsocr._.js:1:7384)
[crawler] Request 33 error: SyntaxError: Unexpected token '数', "数据库连接失败，请检"... is not valid JSON
    at JSON.parse (<anonymous>)
    at async b (.next/server/chunks/[root-of-the-server]__1dbsocr._.js:1:5062)
    at async E (.next/server/chunks/[root-of-the-server]__1dbsocr._.js:1:7384)
[crawler] Request 34 error: SyntaxError: Unexpected token '数', "数据库连接失败，请检"... is not valid JSON
    at JSON.parse (<anonymous>)
    at async b (.next/server/chunks/[root-of-the-server]__1dbsocr._.js:1:5062)
    at async E (.next/server/chunks/[root-of-the-server]__1dbsocr._.js:1:7384)
[crawler] Request 35 error: SyntaxError: Unexpected token '数', "数据库连接失败，请检"... is not valid JSON
    at JSON.parse (<anonymous>)
    at async b (.next/server/chunks/[root-of-the-server]__1dbsocr._.js:1:5062)
    at async E (.next/server/chunks/[root-of-the-server]__1dbsocr._.js:1:7384)
[crawler] Request 36 error: SyntaxError: Unexpected token '数', "数据库连接失败，请检"... is not valid JSON
    at JSON.parse (<anonymous>)
    at async b (.next/server/chunks/[root-of-the-server]__1dbsocr._.js:1:5062)
    at async E (.next/server/chunks/[root-of-the-server]__1dbsocr._.js:1:7384)
[crawler] Request 37 error: SyntaxError: Unexpected token '数', "数据库连接失败，请检"... is not valid JSON
    at JSON.parse (<anonymous>)
    at async b (.next/server/chunks/[root-of-the-server]__1dbsocr._.js:1:5062)
    at async E (.next/server/chunks/[root-of-the-server]__1dbsocr._.js:1:7384)
[crawler] Request 38 error: SyntaxError: Unexpected token '数', "数据库连接失败，请检"... is not valid JSON
    at JSON.parse (<anonymous>)
    at async b (.next/server/chunks/[root-of-the-server]__1dbsocr._.js:1:5062)
    at async E (.next/server/chunks/[root-of-the-server]__1dbsocr._.js:1:7384)
[crawler] Request 39 error: SyntaxError: Unexpected token '数', "数据库连接失败，请检"... is not valid JSON
    at JSON.parse (<anonymous>)
    at async b (.next/server/chunks/[root-of-the-server]__1dbsocr._.js:1:5062)
    at async E (.next/server/chunks/[root-of-the-server]__1dbsocr._.js:1:7384)
[crawler] Request 40 error: SyntaxError: Unexpected token '数', "数据库连接失败，请检"... is not valid JSON
    at JSON.parse (<anonymous>)
    at async b (.next/server/chunks/[root-of-the-server]__1dbsocr._.js:1:5062)
    at async E (.next/server/chunks/[root-of-the-server]__1dbsocr._.js:1:7384)
[crawler] Request 41 error: SyntaxError: Unexpected token '数', "数据库连接失败，请检"... is not valid JSON
    at JSON.parse (<anonymous>)
    at async b (.next/server/chunks/[root-of-the-server]__1dbsocr._.js:1:5062)
    at async E (.next/server/chunks/[root-of-the-server]__1dbsocr._.js:1:7384)
[crawler] Request 42 error: SyntaxError: Unexpected token '数', "数据库连接失败，请检"... is not valid JSON
    at JSON.parse (<anonymous>)
    at async b (.next/server/chunks/[root-of-the-server]__1dbsocr._.js:1:5062)
    at async E (.next/server/chunks/[root-of-the-server]__1dbsocr._.js:1:7384)
[crawler] Request 43 error: SyntaxError: Unexpected token '数', "数据库连接失败，请检"... is not valid JSON
    at JSON.parse (<anonymous>)
    at async b (.next/server/chunks/[root-of-the-server]__1dbsocr._.js:1:5062)
    at async E (.next/server/chunks/[root-of-the-server]__1dbsocr._.js:1:7384)
[crawler] Request 44 error: SyntaxError: Unexpected token '数', "数据库连接失败，请检"... is not valid JSON
    at JSON.parse (<anonymous>)
    at async b (.next/server/chunks/[root-of-the-server]__1dbsocr._.js:1:5062)
    at async E (.next/server/chunks/[root-of-the-server]__1dbsocr._.js:1:7384)
[crawler] Request 45 error: SyntaxError: Unexpected token '数', "数据库连接失败，请检"... is not valid JSON
    at JSON.parse (<anonymous>)
    at async b (.next/server/chunks/[root-of-the-server]__1dbsocr._.js:1:5062)
    at async E (.next/server/chunks/[root-of-the-server]__1dbsocr._.js:1:7384)
[crawler] Request 46 error: SyntaxError: Unexpected token '数', "数据库连接失败，请检"... is not valid JSON
    at JSON.parse (<anonymous>)
    at async b (.next/server/chunks/[root-of-the-server]__1dbsocr._.js:1:5062)
    at async E (.next/server/chunks/[root-of-the-server]__1dbsocr._.js:1:7384)
[crawler] Request 47 error: SyntaxError: Unexpected token '数', "数据库连接失败，请检"... is not valid JSON
    at JSON.parse (<anonymous>)
    at async b (.next/server/chunks/[root-of-the-server]__1dbsocr._.js:1:5062)
    at async E (.next/server/chunks/[root-of-the-server]__1dbsocr._.js:1:7384)
[crawler] Request 48 error: SyntaxError: Unexpected token '数', "数据库连接失败，请检"... is not valid JSON
    at JSON.parse (<anonymous>)
    at async b (.next/server/chunks/[root-of-the-server]__1dbsocr._.js:1:5062)
    at async E (.next/server/chunks/[root-of-the-server]__1dbsocr._.js:1:7384)
[crawler] Request 49 error: SyntaxError: Unexpected token '数', "数据库连接失败，请检"... is not valid JSON
    at JSON.parse (<anonymous>)
    at async b (.next/server/chunks/[root-of-the-server]__1dbsocr._.js:1:5062)
    at async E (.next/server/chunks/[root-of-the-server]__1dbsocr._.js:1:7384)
[crawler] Request 50 error: SyntaxError: Unexpected token '数', "数据库连接失败，请检"... is not valid JSON
    at JSON.parse (<anonymous>)
    at async b (.next/server/chunks/[root-of-the-server]__1dbsocr._.js:1:5062)
    at async E (.next/server/chunks/[root-of-the-server]__1dbsocr._.js:1:7384)
[crawler] Request 51 error: SyntaxError: Unexpected token '数', "数据库连接失败，请检"... is not valid JSON
    at JSON.parse (<anonymous>)
    at async b (.next/server/chunks/[root-of-the-server]__1dbsocr._.js:1:5062)
    at async E (.next/server/chunks/[root-of-the-server]__1dbsocr._.js:1:7384)
[crawler] Request 52 error: SyntaxError: Unexpected token '数', "数据库连接失败，请检"... is not valid JSON
    at JSON.parse (<anonymous>)
    at async b (.next/server/chunks/[root-of-the-server]__1dbsocr._.js:1:5062)
    at async E (.next/server/chunks/[root-of-the-server]__1dbsocr._.js:1:7384)
[crawler] Request 53 error: SyntaxError: Unexpected token '数', "数据库连接失败，请检"... is not valid JSON
    at JSON.parse (<anonymous>)
    at async b (.next/server/chunks/[root-of-the-server]__1dbsocr._.js:1:5062)
    at async E (.next/server/chunks/[root-of-the-server]__1dbsocr._.js:1:7384)
[crawler] Request 54 error: SyntaxError: Unexpected token '数', "数据库连接失败，请检"... is not valid JSON
    at JSON.parse (<anonymous>)
    at async b (.next/server/chunks/[root-of-the-server]__1dbsocr._.js:1:5062)
    at async E (.next/server/chunks/[root-of-the-server]__1dbsocr._.js:1:7384)
[crawler] Request 55 error: SyntaxError: Unexpected token '数', "数据库连接失败，请检"... is not valid JSON
    at JSON.parse (<anonymous>)
    at async b (.next/server/chunks/[root-of-the-server]__1dbsocr._.js:1:5062)
    at async E (.next/server/chunks/[root-of-the-server]__1dbsocr._.js:1:7384)
[crawler] Request 56 error: SyntaxError: Unexpected token '数', "数据库连接失败，请检"... is not valid JSON
    at JSON.parse (<anonymous>)
    at async b (.next/server/chunks/[root-of-the-server]__1dbsocr._.js:1:5062)
    at async E (.next/server/chunks/[root-of-the-server]__1dbsocr._.js:1:7384)
[crawler] Request 57 error: SyntaxError: Unexpected token '数', "数据库连接失败，请检"... is not valid JSON
    at JSON.parse (<anonymous>)
    at async b (.next/server/chunks/[root-of-the-server]__1dbsocr._.js:1:5062)
    at async E (.next/server/chunks/[root-of-the-server]__1dbsocr._.js:1:7384)
[crawler] Request 58 error: SyntaxError: Unexpected token '数', "数据库连接失败，请检"... is not valid JSON
    at JSON.parse (<anonymous>)
    at async b (.next/server/chunks/[root-of-the-server]__1dbsocr._.js:1:5062)
    at async E (.next/server/chunks/[root-of-the-server]__1dbsocr._.js:1:7384)
[crawler] Request 59 error: SyntaxError: Unexpected token '数', "数据库连接失败，请检"... is not valid JSON
    at JSON.parse (<anonymous>)
    at async b (.next/server/chunks/[root-of-the-server]__1dbsocr._.js:1:5062)
    at async E (.next/server/chunks/[root-of-the-server]__1dbsocr._.js:1:7384)
[crawler] Request 60 error: SyntaxError: Unexpected token '数', "数据库连接失败，请检"... is not valid JSON
    at JSON.parse (<anonymous>)
    at async b (.next/server/chunks/[root-of-the-server]__1dbsocr._.js:1:5062)
    at async E (.next/server/chunks/[root-of-the-server]__1dbsocr._.js:1:7384)
[crawler] Request 61 error: SyntaxError: Unexpected token '数', "数据库连接失败，请检"... is not valid JSON
    at JSON.parse (<anonymous>)
    at async b (.next/server/chunks/[root-of-the-server]__1dbsocr._.js:1:5062)
    at async E (.next/server/chunks/[root-of-the-server]__1dbsocr._.js:1:7384)
[crawler] Request 62 error: SyntaxError: Unexpected token '数', "数据库连接失败，请检"... is not valid JSON
    at JSON.parse (<anonymous>)
    at async b (.next/server/chunks/[root-of-the-server]__1dbsocr._.js:1:5062)
    at async E (.next/server/chunks/[root-of-the-server]__1dbsocr._.js:1:7384)
[crawler] Request 63 error: SyntaxError: Unexpected token '数', "数据库连接失败，请检"... is not valid JSON
    at JSON.parse (<anonymous>)
    at async b (.next/server/chunks/[root-of-the-server]__1dbsocr._.js:1:5062)
    at async E (.next/server/chunks/[root-of-the-server]__1dbsocr._.js:1:7384)
[crawler] Request 64 error: SyntaxError: Unexpected token '数', "数据库连接失败，请检"... is not valid JSON
    at JSON.parse (<anonymous>)
    at async b (.next/server/chunks/[root-of-the-server]__1dbsocr._.js:1:5062)
    at async E (.next/server/chunks/[root-of-the-server]__1dbsocr._.js:1:7384)
[crawler] Request 65 error: SyntaxError: Unexpected token '数', "数据库连接失败，请检"... is not valid JSON
    at JSON.parse (<anonymous>)
    at async b (.next/server/chunks/[root-of-the-server]__1dbsocr._.js:1:5062)
    at async E (.next/server/chunks/[root-of-the-server]__1dbsocr._.js:1:7384)
[crawler] Request 66 error: SyntaxError: Unexpected token '数', "数据库连接失败，请检"... is not valid JSON
    at JSON.parse (<anonymous>)
    at async b (.next/server/chunks/[root-of-the-server]__1dbsocr._.js:1:5062)
    at async E (.next/server/chunks/[root-of-the-server]__1dbsocr._.js:1:7384)
[crawler] Request 67 error: SyntaxError: Unexpected token '数', "数据库连接失败，请检"... is not valid JSON
    at JSON.parse (<anonymous>)
    at async b (.next/server/chunks/[root-of-the-server]__1dbsocr._.js:1:5062)
    at async E (.next/server/chunks/[root-of-the-server]__1dbsocr._.js:1:7384)
[crawler] Request 68 error: SyntaxError: Unexpected token '数', "数据库连接失败，请检"... is not valid JSON
    at JSON.parse (<anonymous>)
    at async b (.next/server/chunks/[root-of-the-server]__1dbsocr._.js:1:5062)
    at async E (.next/server/chunks/[root-of-the-server]__1dbsocr._.js:1:7384)
[crawler] Request 69 error: SyntaxError: Unexpected token '数', "数据库连接失败，请检"... is not valid JSON
    at JSON.parse (<anonymous>)
    at async b (.next/server/chunks/[root-of-the-server]__1dbsocr._.js:1:5062)
    at async E (.next/server/chunks/[root-of-the-server]__1dbsocr._.js:1:7384)
[crawler] Request 1 error: SyntaxError: Unexpected token '数', "数据库连接失败，请检"... is not valid JSON
    at JSON.parse (<anonymous>)
    at async b (.next/server/chunks/[root-of-the-server]__1dbsocr._.js:1:5062)
    at async E (.next/server/chunks/[root-of-the-server]__1dbsocr._.js:1:7384)
[crawler] Request 70 error: SyntaxError: Unexpected token '数', "数据库连接失败，请检"... is not valid JSON
    at JSON.parse (<anonymous>)
    at async b (.next/server/chunks/[root-of-the-server]__1dbsocr._.js:1:5062)
    at async E (.next/server/chunks/[root-of-the-server]__1dbsocr._.js:1:7384)
[crawler] Request 2 error: SyntaxError: Unexpected token '数', "数据库连接失败，请检"... is not valid JSON
    at JSON.parse (<anonymous>)
    at async b (.next/server/chunks/[root-of-the-server]__1dbsocr._.js:1:5062)
    at async E (.next/server/chunks/[root-of-the-server]__1dbsocr._.js:1:7384)
[crawler] Request 71 error: SyntaxError: Unexpected token '数', "数据库连接失败，请检"... is not valid JSON
    at JSON.parse (<anonymous>)
    at async b (.next/server/chunks/[root-of-the-server]__1dbsocr._.js:1:5062)
    at async E (.next/server/chunks/[root-of-the-server]__1dbsocr._.js:1:7384)
[crawler] Request 3 error: SyntaxError: Unexpected token '数', "数据库连接失败，请检"... is not valid JSON
    at JSON.parse (<anonymous>)
    at async b (.next/server/chunks/[root-of-the-server]__1dbsocr._.js:1:5062)
    at async E (.next/server/chunks/[root-of-the-server]__1dbsocr._.js:1:7384)
[crawler] Request 72 error: SyntaxError: Unexpected token '数', "数据库连接失败，请检"... is not valid JSON
    at JSON.parse (<anonymous>)
    at async b (.next/server/chunks/[root-of-the-server]__1dbsocr._.js:1:5062)
    at async E (.next/server/chunks/[root-of-the-server]__1dbsocr._.js:1:7384)
[crawler] Request 4 error: SyntaxError: Unexpected token '数', "数据库连接失败，请检"... is not valid JSON
    at JSON.parse (<anonymous>)
    at async b (.next/server/chunks/[root-of-the-server]__1dbsocr._.js:1:5062)
    at async E (.next/server/chunks/[root-of-the-server]__1dbsocr._.js:1:7384)
[crawler] Request 73 error: SyntaxError: Unexpected token '数', "数据库连接失败，请检"... is not valid JSON
    at JSON.parse (<anonymous>)
    at async b (.next/server/chunks/[root-of-the-server]__1dbsocr._.js:1:5062)
    at async E (.next/server/chunks/[root-of-the-server]__1dbsocr._.js:1:7384)
[crawler] Request 5 error: SyntaxError: Unexpected token '数', "数据库连接失败，请检"... is not valid JSON
    at JSON.parse (<anonymous>)
    at async b (.next/server/chunks/[root-of-the-server]__1dbsocr._.js:1:5062)
    at async E (.next/server/chunks/[root-of-the-server]__1dbsocr._.js:1:7384)
[crawler] Request 74 error: SyntaxError: Unexpected token '数', "数据库连接失败，请检"... is not valid JSON
    at JSON.parse (<anonymous>)
    at async b (.next/server/chunks/[root-of-the-server]__1dbsocr._.js:1:5062)
    at async E (.next/server/chunks/[root-of-the-server]__1dbsocr._.js:1:7384)
[crawler] Request 6 error: SyntaxError: Unexpected token '数', "数据库连接失败，请检"... is not valid JSON
    at JSON.parse (<anonymous>)
    at async b (.next/server/chunks/[root-of-the-server]__1dbsocr._.js:1:5062)
    at async E (.next/server/chunks/[root-of-the-server]__1dbsocr._.js:1:7384)
[crawler] Request 75 error: SyntaxError: Unexpected token '数', "数据库连接失败，请检"... is not valid JSON
    at JSON.parse (<anonymous>)
    at async b (.next/server/chunks/[root-of-the-server]__1dbsocr._.js:1:5062)
    at async E (.next/server/chunks/[root-of-the-server]__1dbsocr._.js:1:7384)
[crawler] Request 7 error: SyntaxError: Unexpected token '数', "数据库连接失败，请检"... is not valid JSON
    at JSON.parse (<anonymous>)
    at async b (.next/server/chunks/[root-of-the-server]__1dbsocr._.js:1:5062)
    at async E (.next/server/chunks/[root-of-the-server]__1dbsocr._.js:1:7384)
[crawler] Request 76 error: SyntaxError: Unexpected token '数', "数据库连接失败，请检"... is not valid JSON
    at JSON.parse (<anonymous>)
    at async b (.next/server/chunks/[root-of-the-server]__1dbsocr._.js:1:5062)
    at async E (.next/server/chunks/[root-of-the-server]__1dbsocr._.js:1:7384)
[crawler] Request 8 error: SyntaxError: Unexpected token '数', "数据库连接失败，请检"... is not valid JSON
    at JSON.parse (<anonymous>)
    at async b (.next/server/chunks/[root-of-the-server]__1dbsocr._.js:1:5062)
    at async E (.next/server/chunks/[root-of-the-server]__1dbsocr._.js:1:7384)
[crawler] Request 77 error: SyntaxError: Unexpected token '数', "数据库连接失败，请检"... is not valid JSON
    at JSON.parse (<anonymous>)
    at async b (.next/server/chunks/[root-of-the-server]__1dbsocr._.js:1:5062)
    at async E (.next/server/chunks/[root-of-the-server]__1dbsocr._.js:1:7384)
[crawler] Request 78 error: SyntaxError: Unexpected token '数', "数据库连接失败，请检"... is not valid JSON
    at JSON.parse (<anonymous>)
    at async b (.next/server/chunks/[root-of-the-server]__1dbsocr._.js:1:5062)
    at async E (.next/server/chunks/[root-of-the-server]__1dbsocr._.js:1:7384)
[crawler] Request 9 error: SyntaxError: Unexpected token '数', "数据库连接失败，请检"... is not valid JSON
    at JSON.parse (<anonymous>)
    at async b (.next/server/chunks/[root-of-the-server]__1dbsocr._.js:1:5062)
    at async E (.next/server/chunks/[root-of-the-server]__1dbsocr._.js:1:7384)
[crawler] Request 79 error: SyntaxError: Unexpected token '数', "数据库连接失败，请检"... is not valid JSON
    at JSON.parse (<anonymous>)
    at async b (.next/server/chunks/[root-of-the-server]__1dbsocr._.js:1:5062)
    at async E (.next/server/chunks/[root-of-the-server]__1dbsocr._.js:1:7384)
[crawler] Request 10 error: SyntaxError: Unexpected token '数', "数据库连接失败，请检"... is not valid JSON
    at JSON.parse (<anonymous>)
    at async b (.next/server/chunks/[root-of-the-server]__1dbsocr._.js:1:5062)
    at async E (.next/server/chunks/[root-of-the-server]__1dbsocr._.js:1:7384)
[crawler] Request 80 error: SyntaxError: Unexpected token '数', "数据库连接失败，请检"... is not valid JSON
    at JSON.parse (<anonymous>)
    at async b (.next/server/chunks/[root-of-the-server]__1dbsocr._.js:1:5062)
    at async E (.next/server/chunks/[root-of-the-server]__1dbsocr._.js:1:7384)
[crawler] Request 81 error: SyntaxError: Unexpected token '数', "数据库连接失败，请检"... is not valid JSON
    at JSON.parse (<anonymous>)
    at async b (.next/server/chunks/[root-of-the-server]__1dbsocr._.js:1:5062)
    at async E (.next/server/chunks/[root-of-the-server]__1dbsocr._.js:1:7384)
